// Jest Snapshot v1, https://goo.gl/fbAQLP

exports[`Index should match snapshot 1`] = `
<div>
  <header>
    <svg
      height="64"
      viewBox="0 0 32 32"
      width="64"
      xmlns="http://www.w3.org/2000/svg"
    >
      <path
        d="M27.673 2.229v1.601h2.725v24.338l-2.971-0.002-5.615-4.121c1.169-0.767 1.998-1.796 2.401-3.023 1.226-3.732-1.927-8.16-7.091-10.16l2.441-7.363-1.497-0.443c-5.367-1.483-10.565 0.21-11.795 3.957-1.227 3.733 1.927 8.161 7.093 10.16l-4.141 12.597h1.739l1.519-4.775c1.276 0.348 2.559 0.533 3.795 0.533 1.137 0 2.236-0.149 3.253-0.446 0.505-0.148 0.971-0.336 1.408-0.547l5.941 4.413c0 0.007 1.009 0.822 1.009 0.822h4.113v-27.541h-4.327zM6.903 7.221c0.84-2.555 3.77-4.045 7.301-4.045 1.151 0 2.366 0.168 3.593 0.499l-4.226 12.863c-4.819-1.876-7.781-5.929-6.668-9.317zM19.341 24.443c-1.998 0.584-4.333 0.548-6.654-0.079l4.226-12.865c4.818 1.876 7.78 5.929 6.667 9.317-0.561 1.703-2.066 2.991-4.239 3.627zM4.327 3.831v-1.601h-4.327v27.541h4.327v-1.601h-2.725v-24.339z"
        fill="#fff"
      />
    </svg>
    <h1
      class="title"
    >
      <strong
        class="title-name"
      >
        Simon Robin
      </strong>
      <em
        class="title-job"
      >
        Développeur Front‑End
      </em>
    </h1>
    <div
      class="contact"
    >
      <a
        class="contact__link"
        href="mailto:simon@simrobin.fr"
        rel="noopener noreferrer"
        target="_blank"
        title="M'envoyer un message"
      >
        <svg
          class="align-top margin-right"
          height="18"
          viewBox="0 0 32 32"
          width="18"
          xmlns="http://www.w3.org/2000/svg"
        >
          <path
            d="M32 6.285c0 0.941-0.292 1.839-0.875 2.696-0.583 0.858-1.31 1.59-2.179 2.197-4.476 3.107-7.262 5.041-8.357 5.803-0.119 0.083-0.372 0.265-0.759 0.545s-0.709 0.505-0.965 0.678-0.565 0.367-0.929 0.581c-0.363 0.214-0.705 0.375-1.027 0.482s-0.619 0.161-0.893 0.161h-0.035c-0.274 0-0.571-0.054-0.893-0.161s-0.664-0.268-1.027-0.482c-0.363-0.214-0.673-0.408-0.929-0.581s-0.578-0.399-0.965-0.678-0.64-0.462-0.759-0.545c-1.083-0.762-2.643-1.847-4.679-3.259s-3.256-2.259-3.661-2.545c-0.738-0.5-1.435-1.187-2.089-2.063s-0.982-1.687-0.982-2.437c0-0.929 0.247-1.703 0.741-2.322 0.493-0.619 1.199-0.928 2.116-0.928h26.286c0.773 0 1.443 0.28 2.009 0.839s0.848 1.231 0.848 2.017zM32 11.535v14.179c0 0.785-0.28 1.458-0.839 2.017s-1.232 0.84-2.017 0.84h-26.286c-0.785 0-1.458-0.28-2.017-0.84s-0.84-1.232-0.84-2.017v-14.179c0.524 0.583 1.125 1.101 1.803 1.554 4.309 2.928 7.268 4.982 8.875 6.16 0.679 0.5 1.229 0.891 1.652 1.169 0.422 0.281 0.985 0.565 1.687 0.858 0.703 0.291 1.357 0.437 1.964 0.437h0.037c0.607 0 1.262-0.146 1.964-0.437s1.265-0.577 1.687-0.858c0.423-0.279 0.973-0.669 1.652-1.169 2.024-1.464 4.988-3.518 8.893-6.16 0.679-0.465 1.274-0.983 1.786-1.554z"
            fill="#ffdc00"
          />
        </svg>
         Message
      </a>
      <a
        class="contact__link"
        href="https://twitter.com/simrobins"
        rel="noopener noreferrer"
        target="_blank"
        title="Me suivre sur Twitter"
      >
        <svg
          class="align-top margin-right"
          height="18"
          viewBox="0 0 32 32"
          width="18"
          xmlns="http://www.w3.org/2000/svg"
        >
          <path
            d="M32 6.091c-0.907 1.327-2.003 2.457-3.289 3.391 0.013 0.19 0.021 0.475 0.021 0.853 0 1.76-0.257 3.516-0.771 5.269s-1.297 3.434-2.345 5.045c-1.049 1.611-2.298 3.035-3.746 4.274s-3.195 2.227-5.239 2.964c-2.044 0.738-4.23 1.107-6.558 1.107-3.669 0.001-7.026-0.981-10.072-2.943 0.474 0.054 1.001 0.081 1.584 0.081 3.045 0 5.759-0.933 8.143-2.802-1.421-0.027-2.694-0.464-3.817-1.309-1.124-0.847-1.895-1.926-2.315-3.239 0.447 0.067 0.859 0.101 1.238 0.101 0.582 0 1.157-0.074 1.726-0.223-1.516-0.312-2.771-1.066-3.767-2.264s-1.493-2.589-1.493-4.173v-0.081c0.92 0.515 1.909 0.791 2.964 0.833-0.893-0.596-1.604-1.374-2.132-2.335s-0.791-2.003-0.791-3.127c0-1.191 0.297-2.295 0.893-3.31 1.637 2.017 3.631 3.631 5.98 4.843s4.863 1.885 7.543 2.020c-0.109-0.515-0.163-1.015-0.163-1.502 0-1.814 0.639-3.361 1.919-4.64s2.825-1.919 4.64-1.919c1.895 0 3.493 0.69 4.791 2.071 1.475-0.284 2.863-0.812 4.163-1.584-0.501 1.557-1.462 2.762-2.883 3.615 1.259-0.136 2.518-0.474 3.777-1.016z"
            fill="#ffdc00"
          />
        </svg>
         Twitter
      </a>
      <a
        class="contact__link"
        href="https://github.com/simrobin"
        rel="noopener noreferrer"
        target="_blank"
        title="Consulter mon GitHub"
      >
        <svg
          class="align-top margin-right"
          height="18"
          viewBox="0 0 32 32"
          width="18"
          xmlns="http://www.w3.org/2000/svg"
        >
          <path
            d="M32 17.539c0 2.653-0.391 4.775-1.173 6.365-0.487 0.987-1.163 1.839-2.029 2.558-0.865 0.717-1.769 1.269-2.711 1.653s-2.032 0.689-3.269 0.914c-1.237 0.224-2.337 0.365-3.298 0.423s-2.032 0.087-3.211 0.087c-1 0-1.911-0.019-2.731-0.058s-1.766-0.119-2.837-0.241c-1.071-0.122-2.048-0.314-2.933-0.576-0.885-0.263-1.763-0.593-2.635-0.99-0.872-0.398-1.647-0.917-2.327-1.558s-1.231-1.378-1.654-2.211c-0.795-1.579-1.193-3.701-1.193-6.367 0-3.039 0.871-5.577 2.615-7.616-0.346-1.051-0.519-2.141-0.519-3.269 0-1.487 0.327-2.885 0.981-4.193 1.385 0 2.603 0.253 3.654 0.76s2.263 1.298 3.635 2.375c1.885-0.449 3.865-0.673 5.943-0.673 1.897 0 3.692 0.205 5.385 0.615 1.346-1.051 2.545-1.827 3.596-2.327s2.263-0.749 3.635-0.749c0.654 1.307 0.981 2.705 0.981 4.193 0 1.115-0.173 2.192-0.519 3.231 1.743 2.051 2.615 4.601 2.615 7.653zM27.692 20.923c0-1.539-0.443-2.846-1.327-3.923s-2.083-1.615-3.596-1.615c-0.526 0-1.776 0.135-3.75 0.404-0.91 0.141-1.917 0.211-3.019 0.211s-2.109-0.070-3.019-0.211c-1.949-0.269-3.199-0.404-3.75-0.404-1.513 0-2.711 0.539-3.596 1.615s-1.327 2.385-1.327 3.923c0 1.128 0.205 2.112 0.615 2.951s0.929 1.5 1.558 1.981c0.628 0.481 1.41 0.865 2.346 1.153s1.833 0.478 2.692 0.567c0.859 0.090 1.814 0.135 2.865 0.135h3.231c1.051 0 2.007-0.045 2.865-0.135s1.756-0.279 2.692-0.567c0.935-0.289 1.717-0.673 2.346-1.153 0.628-0.481 1.147-1.142 1.558-1.981s0.616-1.823 0.616-2.951zM12.067 19.345c0.16 0.539 0.24 1.064 0.24 1.577s-0.081 1.038-0.24 1.577c-0.161 0.539-0.436 1.025-0.827 1.461s-0.855 0.654-1.394 0.654-1.003-0.218-1.395-0.654c-0.391-0.436-0.667-0.923-0.827-1.461s-0.241-1.064-0.241-1.577c0-0.513 0.080-1.039 0.241-1.577s0.435-1.025 0.827-1.461 0.856-0.654 1.395-0.654 1.003 0.218 1.394 0.654c0.391 0.436 0.667 0.923 0.827 1.461zM24.375 19.345c0.16 0.539 0.24 1.064 0.24 1.577s-0.080 1.038-0.24 1.577c-0.161 0.539-0.436 1.025-0.827 1.461s-0.855 0.654-1.394 0.654c-0.539 0-1.003-0.218-1.394-0.654s-0.667-0.923-0.827-1.461-0.241-1.064-0.241-1.577c0-0.513 0.080-1.039 0.241-1.577s0.436-1.025 0.827-1.461c0.391-0.436 0.855-0.654 1.394-0.654s1.003 0.218 1.394 0.654c0.391 0.436 0.667 0.923 0.827 1.461z"
            fill="#ffdc00"
          />
        </svg>
         GitHub
      </a>
    </div>
  </header>
  <main>
    <section
      class="about-section"
    >
      <div
        class="section-wrapper"
      >
        <h2
          class="section-title"
        >
          <svg
            class="align-top margin-right"
            height="22"
            viewBox="0 0 32 32"
            width="22"
            xmlns="http://www.w3.org/2000/svg"
          >
            <path
              d="M32 15.957c0 0.139-0.062 0.258-0.185 0.357l-7.111 5.268c-0.198 0.139-0.414 0.169-0.648 0.089-0.235-0.089-0.352-0.233-0.352-0.431v-3.333h-23.111c-0.173 0-0.315-0.044-0.426-0.134s-0.167-0.203-0.167-0.342v-2.857c0-0.139 0.055-0.253 0.167-0.343s0.253-0.133 0.426-0.133h23.111v-3.333c0-0.208 0.117-0.352 0.352-0.431s0.451-0.055 0.648 0.074l7.111 5.208c0.123 0.099 0.185 0.213 0.185 0.343z"
              fill="#ffdc00"
            />
          </svg>
           
          <span>
            À propos de moi
          </span>
        </h2>
        <p
          class="about-me"
        >
          Passionné de développement, j’aime découvrir et construire des applications web qui facilitent le quotidien des utilisateurs.
          <br />
           Je profite de la communauté open source et du travail en équipe autour de projets communs pour maintenir mes connaissances à jour au quotidien.
        </p>
        <ul
          class="about-skills"
        >
          <li>
            <strong>
              Web
            </strong>
             : HTML, CSS, JavaScript, Angular(JS), React
          </li>
          <li>
            <strong>
              Backend
            </strong>
             : Golang, Node.js, SQL, PHP
          </li>
          <li>
            <strong>
              Devops
            </strong>
             : Docker, Kubernetes, Bash, Jenkins, Travis
          </li>
          <li>
            <strong>
              Langues
            </strong>
             : Anglais (courant), Allemand (scolaire)
          </li>
        </ul>
      </div>
    </section>
    <section
      class="experiences-section"
    >
      <div
        class="section-wrapper"
      >
        <h2
          class="section-title"
        >
          Expériences
        </h2>
        <div
          class="experiences"
        >
          <div
            class="experience"
          >
            <div
              class="experience-date"
            >
              2017
               
              <svg
                class="align-top"
                height="12"
                viewBox="0 0 32 32"
                width="12"
                xmlns="http://www.w3.org/2000/svg"
              >
                <path
                  d="M32 15.957c0 0.139-0.062 0.258-0.185 0.357l-7.111 5.268c-0.198 0.139-0.414 0.169-0.648 0.089-0.235-0.089-0.352-0.233-0.352-0.431v-3.333h-23.111c-0.173 0-0.315-0.044-0.426-0.134s-0.167-0.203-0.167-0.342v-2.857c0-0.139 0.055-0.253 0.167-0.343s0.253-0.133 0.426-0.133h23.111v-3.333c0-0.208 0.117-0.352 0.352-0.431s0.451-0.055 0.648 0.074l7.111 5.208c0.123 0.099 0.185 0.213 0.185 0.343z"
                  fill="#2B2B2B"
                />
              </svg>
               
              Aujourd'hui
            </div>
            <div
              class="experience-title"
            >
              Développeur front-end
            </div>
            <div
              class="experience-location"
            >
              MeilleursAgents | Paris
            </div>
            <ul
              class="experience-missions"
            >
              <li>
                Développement et maintenance des fonctionnalités du site web
              </li>
              <li>
                Conception d’outils en ligne pour les particuliers et les agences
              </li>
              <li>
                Maintien en condition opérationnelle de la stack front
              </li>
            </ul>
          </div>
          <div
            class="experience"
          >
            <div
              class="experience-date"
            >
              2012
               
              <svg
                class="align-top"
                height="12"
                viewBox="0 0 32 32"
                width="12"
                xmlns="http://www.w3.org/2000/svg"
              >
                <path
                  d="M32 15.957c0 0.139-0.062 0.258-0.185 0.357l-7.111 5.268c-0.198 0.139-0.414 0.169-0.648 0.089-0.235-0.089-0.352-0.233-0.352-0.431v-3.333h-23.111c-0.173 0-0.315-0.044-0.426-0.134s-0.167-0.203-0.167-0.342v-2.857c0-0.139 0.055-0.253 0.167-0.343s0.253-0.133 0.426-0.133h23.111v-3.333c0-0.208 0.117-0.352 0.352-0.431s0.451-0.055 0.648 0.074l7.111 5.208c0.123 0.099 0.185 0.213 0.185 0.343z"
                  fill="#2B2B2B"
                />
              </svg>
               
              2017
            </div>
            <div
              class="experience-title"
            >
              Développeur web
            </div>
            <div
              class="experience-location"
            >
              Oodrive | Paris
            </div>
            <ul
              class="experience-missions"
            >
              <li>
                Développement d’applications pour la gestion de certificats personnels
              </li>
              <li>
                Intégration des sites web de l’entreprise
              </li>
              <li>
                Automatisation de la personnalisation client des applications de partage
              </li>
            </ul>
          </div>
          <div
            class="experience"
          >
            <div
              class="experience-date"
            >
              2010
               
              <svg
                class="align-top"
                height="12"
                viewBox="0 0 32 32"
                width="12"
                xmlns="http://www.w3.org/2000/svg"
              >
                <path
                  d="M32 15.957c0 0.139-0.062 0.258-0.185 0.357l-7.111 5.268c-0.198 0.139-0.414 0.169-0.648 0.089-0.235-0.089-0.352-0.233-0.352-0.431v-3.333h-23.111c-0.173 0-0.315-0.044-0.426-0.134s-0.167-0.203-0.167-0.342v-2.857c0-0.139 0.055-0.253 0.167-0.343s0.253-0.133 0.426-0.133h23.111v-3.333c0-0.208 0.117-0.352 0.352-0.431s0.451-0.055 0.648 0.074l7.111 5.208c0.123 0.099 0.185 0.213 0.185 0.343z"
                  fill="#2B2B2B"
                />
              </svg>
               
              2012
            </div>
            <div
              class="experience-title"
            >
              Développeur front-end
            </div>
            <div
              class="experience-location"
            >
              AXA France | Nanterre
            </div>
            <ul
              class="experience-missions"
            >
              <li>
                Mise en place d’une API de géolocalisation pour la recherche des distributeurs
              </li>
              <li>
                Amélioration continue de la compatibilité entre navigateurs et devices
              </li>
              <li>
                Suivi de projet sur le lancement et la refonte de sites grands publics
              </li>
              <li>
                Étude technique sur le choix d’un nouveau CMS
              </li>
            </ul>
          </div>
          <div
            class="experience"
          >
            <div
              class="experience-date"
            >
              2009
               
              <svg
                class="align-top"
                height="12"
                viewBox="0 0 32 32"
                width="12"
                xmlns="http://www.w3.org/2000/svg"
              >
                <path
                  d="M32 15.957c0 0.139-0.062 0.258-0.185 0.357l-7.111 5.268c-0.198 0.139-0.414 0.169-0.648 0.089-0.235-0.089-0.352-0.233-0.352-0.431v-3.333h-23.111c-0.173 0-0.315-0.044-0.426-0.134s-0.167-0.203-0.167-0.342v-2.857c0-0.139 0.055-0.253 0.167-0.343s0.253-0.133 0.426-0.133h23.111v-3.333c0-0.208 0.117-0.352 0.352-0.431s0.451-0.055 0.648 0.074l7.111 5.208c0.123 0.099 0.185 0.213 0.185 0.343z"
                  fill="#2B2B2B"
                />
              </svg>
               
              2010
            </div>
            <div
              class="experience-title"
            >
              Développeur
            </div>
            <div
              class="experience-location"
            >
              Telindus | Paris
            </div>
            <ul
              class="experience-missions"
            >
              <li>
                Développement d’une application de gestion de ressources humaines
              </li>
              <li>
                Maintenance des applications internes et de l’intranet collaboratif
              </li>
            </ul>
          </div>
        </div>
      </div>
    </section>
    <section
      class="education-section"
    >
      <div
        class="section-wrapper"
      >
        <div
          class="education-wrapper"
        >
          <h2
            class="section-title"
          >
            Formations
          </h2>
          <div
            class="educations"
          >
            <div
              class="education"
            >
              <div
                class="education-icon"
              >
                <svg
                  height="64"
                  viewBox="0 0 32 32"
                  width="64"
                  xmlns="http://www.w3.org/2000/svg"
                >
                  <path
                    d="M32 10.333c0 0.227-0.102 0.379-0.305 0.458l-15.555 5.195c-0.037 0.009-0.084 0.014-0.139 0.014s-0.102-0.005-0.139-0.014l-9.055-3.040c-0.398 0.335-0.727 0.883-0.986 1.645s-0.417 1.641-0.472 2.634c0.583 0.354 0.875 0.89 0.875 1.608 0 0.679-0.269 1.205-0.805 1.579l0.805 6.389c0.019 0.137-0.019 0.26-0.111 0.369-0.083 0.109-0.195 0.163-0.333 0.163h-2.667c-0.139 0-0.25-0.054-0.333-0.163-0.093-0.109-0.13-0.231-0.111-0.369l0.806-6.389c-0.537-0.374-0.806-0.901-0.806-1.579 0-0.718 0.301-1.264 0.903-1.638 0.102-2.036 0.555-3.66 1.361-4.87l-4.625-1.535c-0.203-0.079-0.305-0.231-0.305-0.457s0.102-0.378 0.305-0.457l15.555-5.195c0.037-0.009 0.084-0.015 0.139-0.015s0.102 0.005 0.139 0.015l15.555 5.195c0.204 0.079 0.306 0.231 0.306 0.457zM24.639 15.115l0.25 4.663c0.037 0.679-0.343 1.309-1.139 1.889s-1.884 1.040-3.263 1.379c-1.38 0.339-2.875 0.509-4.486 0.509s-3.107-0.17-4.486-0.509c-1.379-0.339-2.467-0.799-3.264-1.379s-1.176-1.211-1.139-1.889l0.25-4.663 7.972 2.671c0.203 0.069 0.425 0.103 0.667 0.103s0.463-0.034 0.667-0.103l7.972-2.671z"
                    fill="#2B2B2B"
                  />
                </svg>
              </div>
              <div
                class="education-date"
              >
                2010
                 
                <svg
                  class="align-top"
                  height="12"
                  viewBox="0 0 32 32"
                  width="12"
                  xmlns="http://www.w3.org/2000/svg"
                >
                  <path
                    d="M32 15.957c0 0.139-0.062 0.258-0.185 0.357l-7.111 5.268c-0.198 0.139-0.414 0.169-0.648 0.089-0.235-0.089-0.352-0.233-0.352-0.431v-3.333h-23.111c-0.173 0-0.315-0.044-0.426-0.134s-0.167-0.203-0.167-0.342v-2.857c0-0.139 0.055-0.253 0.167-0.343s0.253-0.133 0.426-0.133h23.111v-3.333c0-0.208 0.117-0.352 0.352-0.431s0.451-0.055 0.648 0.074l7.111 5.208c0.123 0.099 0.185 0.213 0.185 0.343z"
                    fill="#2B2B2B"
                  />
                </svg>
                 
                2012
              </div>
              <div
                class="education-title"
              >
                Master MIAGE
              </div>
              <div
                class="education-location"
              >
                Université Paris XI | Orsay
              </div>
            </div>
            <div
              class="education"
            >
              <div
                class="education-icon"
              >
                <svg
                  height="64"
                  viewBox="0 0 32 32"
                  width="64"
                  xmlns="http://www.w3.org/2000/svg"
                >
                  <path
                    d="M32 10.333c0 0.227-0.102 0.379-0.305 0.458l-15.555 5.195c-0.037 0.009-0.084 0.014-0.139 0.014s-0.102-0.005-0.139-0.014l-9.055-3.040c-0.398 0.335-0.727 0.883-0.986 1.645s-0.417 1.641-0.472 2.634c0.583 0.354 0.875 0.89 0.875 1.608 0 0.679-0.269 1.205-0.805 1.579l0.805 6.389c0.019 0.137-0.019 0.26-0.111 0.369-0.083 0.109-0.195 0.163-0.333 0.163h-2.667c-0.139 0-0.25-0.054-0.333-0.163-0.093-0.109-0.13-0.231-0.111-0.369l0.806-6.389c-0.537-0.374-0.806-0.901-0.806-1.579 0-0.718 0.301-1.264 0.903-1.638 0.102-2.036 0.555-3.66 1.361-4.87l-4.625-1.535c-0.203-0.079-0.305-0.231-0.305-0.457s0.102-0.378 0.305-0.457l15.555-5.195c0.037-0.009 0.084-0.015 0.139-0.015s0.102 0.005 0.139 0.015l15.555 5.195c0.204 0.079 0.306 0.231 0.306 0.457zM24.639 15.115l0.25 4.663c0.037 0.679-0.343 1.309-1.139 1.889s-1.884 1.040-3.263 1.379c-1.38 0.339-2.875 0.509-4.486 0.509s-3.107-0.17-4.486-0.509c-1.379-0.339-2.467-0.799-3.264-1.379s-1.176-1.211-1.139-1.889l0.25-4.663 7.972 2.671c0.203 0.069 0.425 0.103 0.667 0.103s0.463-0.034 0.667-0.103l7.972-2.671z"
                    fill="#2B2B2B"
                  />
                </svg>
              </div>
              <div
                class="education-date"
              >
                2007
                 
                <svg
                  class="align-top"
                  height="12"
                  viewBox="0 0 32 32"
                  width="12"
                  xmlns="http://www.w3.org/2000/svg"
                >
                  <path
                    d="M32 15.957c0 0.139-0.062 0.258-0.185 0.357l-7.111 5.268c-0.198 0.139-0.414 0.169-0.648 0.089-0.235-0.089-0.352-0.233-0.352-0.431v-3.333h-23.111c-0.173 0-0.315-0.044-0.426-0.134s-0.167-0.203-0.167-0.342v-2.857c0-0.139 0.055-0.253 0.167-0.343s0.253-0.133 0.426-0.133h23.111v-3.333c0-0.208 0.117-0.352 0.352-0.431s0.451-0.055 0.648 0.074l7.111 5.208c0.123 0.099 0.185 0.213 0.185 0.343z"
                    fill="#2B2B2B"
                  />
                </svg>
                 
                2010
              </div>
              <div
                class="education-title"
              >
                Licence MIAGE
              </div>
              <div
                class="education-location"
              >
                Université Paris XI | Orsay
              </div>
            </div>
          </div>
        </div>
        <div
          class="resume"
        >
          <svg
            height="44"
            viewBox="0 0 32 32"
            width="44"
            xmlns="http://www.w3.org/2000/svg"
          >
            <path
              d="M19.999 11.429h9.715v18.857c0 0.476-0.167 0.881-0.5 1.214s-0.738 0.5-1.215 0.5h-23.999c-0.477 0-0.881-0.167-1.215-0.5s-0.5-0.738-0.5-1.214v-28.571c0-0.477 0.167-0.881 0.5-1.215s0.738-0.5 1.215-0.5h14.285v9.715c0 0.476 0.167 0.881 0.5 1.214 0.333 0.334 0.739 0.5 1.214 0.5zM22.857 15.429v-1.143c0-0.167-0.053-0.303-0.16-0.411s-0.245-0.16-0.411-0.16h-12.571c-0.167 0-0.304 0.053-0.411 0.16-0.107 0.108-0.161 0.245-0.161 0.411v1.143c0 0.167 0.054 0.304 0.161 0.411s0.243 0.161 0.411 0.161h12.571c0.167 0 0.304-0.053 0.411-0.16s0.16-0.244 0.16-0.411zM22.857 20v-1.142c0-0.167-0.053-0.304-0.16-0.411s-0.245-0.161-0.411-0.161h-12.571c-0.167 0-0.304 0.054-0.411 0.161s-0.161 0.244-0.161 0.411v1.142c0 0.167 0.054 0.304 0.161 0.411s0.244 0.161 0.411 0.161h12.571c0.167 0 0.304-0.054 0.411-0.161s0.16-0.243 0.16-0.411zM22.857 24.572v-1.143c0-0.167-0.053-0.304-0.16-0.411s-0.245-0.16-0.411-0.16h-12.571c-0.167 0-0.304 0.053-0.411 0.16s-0.161 0.245-0.161 0.411v1.143c0 0.167 0.054 0.303 0.161 0.411s0.244 0.16 0.411 0.16h12.571c0.167 0 0.304-0.053 0.411-0.16 0.107-0.108 0.16-0.245 0.16-0.411zM28.499 8.5c0.167 0.167 0.333 0.381 0.5 0.643h-8.428v-8.428c0.262 0.167 0.476 0.333 0.643 0.5l7.285 7.285z"
              fill="#2B2B2B"
            />
          </svg>
          <div
            class="resume-description"
          >
            Besoin d'une version transportable ?
          </div>
          <a
            class="resume-link"
            href="/files/cv-simon-robin.pdf"
            target="_blank"
            title="Télécharger mon CV"
          >
            Télécharger mon CV
          </a>
        </div>
      </div>
    </section>
    <section
      class="interest-section"
    >
      <div
        class="section-wrapper"
      >
        <h2
          class="section-title"
        >
          Centres d'intérêts
        </h2>
        <ul
          class="interests"
        >
          <li
            class="interest"
          >
            <svg
              height="44"
              viewBox="0 0 32 32"
              width="44"
              xmlns="http://www.w3.org/2000/svg"
            >
              <path
                d="M9.873 6.877c2.859-1.293 10.757-4.153 18.519-0.953-2.86-3.609-7.354-5.923-12.392-5.923-2.587 0-4.97 0.613-7.149 1.702 0.068 1.225 0.34 3.132 1.021 5.175zM30.775 9.668c-7.83-5.379-17.021-2.043-19.949-0.749 1.021 2.043 2.655 4.085 5.175 5.719 2.111-0.953 9.464-3.677 16-0.341-0.205-1.634-0.613-3.132-1.226-4.63zM24.647 14.979c-3.404 0.068-6.332 1.157-7.625 1.702 0.273 6.127-4.493 11.575-7.149 14.162 1.566 0.613 3.2 1.021 4.97 1.157 9.464-6.536 9.94-14.434 9.804-17.021zM12.459 24.102c1.362-2.247 2.451-4.834 2.315-7.557-6.059-3.949-7.625-10.009-8.033-13.549-1.566 1.089-2.928 2.451-4.017 4.085 0 3.541 1.021 11.915 9.736 17.021zM11.234 25.941c-7.149-4.221-9.6-10.553-10.349-15.183-0.545 1.633-0.885 3.404-0.885 5.242 0 5.787 3.132 10.893 7.762 13.685 0.885-0.749 2.179-2.043 3.472-3.745zM26.893 15.047c0.136 2.996-0.545 10.213-8.17 16.749 7.285-1.225 12.868-7.353 13.277-14.91-1.634-1.021-3.404-1.566-5.107-1.839z"
                fill="#ffdc00"
              />
            </svg>
            <p
              class="interest-name"
            >
              Volley-Ball
            </p>
          </li>
          <li
            class="interest"
          >
            <svg
              height="44"
              viewBox="0 0 32 32"
              width="44"
              xmlns="http://www.w3.org/2000/svg"
            >
              <path
                d="M26.924 14.547l-6.66-1.697c-1.415-0.365-2.717-1.061-3.797-2.032-0.008-0.008-0.015-0.011-0.023-0.019-0.993-0.892-1.678-1.43-2.024-2.713l-6.563 1.411c-0.324 0.098-0.67-0.079-0.771-0.403 0 0 0-0.004 0-0.004l-0.5-1.562c-0.102-0.32 0.083-0.662 0.406-0.764 0 0 0.004 0 0.004 0l6.747-1.633c-0.188-0.817-0.267-2.122-0.267-2.961-0.008-1.2-0.993-2.167-2.205-2.171h-7.067c-1.208 0.008-2.186 0.975-2.194 2.167v14.995c-0.008 2.852 2.325 5.166 5.208 5.178h18.702c2.209 0.038 4.030-1.701 4.068-3.883 0.034-1.851-1.238-3.477-3.063-3.91zM29.309 25.434c-0.76-1.182-2.073-1.908-3.492-1.927-1.682-0.034-3.225 0.933-3.906 2.453l-2.149-0.034c-1.065-2.043-3.605-2.845-5.671-1.795-0.741 0.376-1.351 0.96-1.754 1.678l-2.344-0.038c-1.069-2.043-3.609-2.845-5.678-1.791s-2.879 3.564-1.814 5.611c1.069 2.043 3.609 2.845 5.678 1.791 0.738-0.376 1.347-0.96 1.75-1.678l2.325 0.038c1.065 2.043 3.605 2.845 5.671 1.795 0.741-0.376 1.351-0.96 1.754-1.678l2.525 0.038c1.249 1.938 3.849 2.51 5.814 1.279 1.96-1.234 2.54-3.804 1.291-5.742zM25.407 28.256c0 0.241-0.199 0.44-0.444 0.44h-17.656c-0.245 0-0.444-0.196-0.444-0.44v-0.613c0-0.241 0.199-0.44 0.444-0.44h17.656c0.245 0 0.444 0.196 0.444 0.44v0.613z"
                fill="#ffdc00"
              />
            </svg>
            <p
              class="interest-name"
            >
              Roller
            </p>
          </li>
          <li
            class="interest"
          >
            <svg
              height="44"
              viewBox="0 0 32 32"
              width="44"
              xmlns="http://www.w3.org/2000/svg"
            >
              <path
                d="M27.314 4.686c-3.221-3.221-7.475-4.783-11.697-4.681l6.52 6.517c4.283 4.315 4.275 11.285-0.027 15.587s-11.274 4.313-15.587 0.025v0.002l-6.519-6.519c-0.099 4.22 1.461 8.476 4.681 11.697 6.248 6.248 16.381 6.248 22.628 0 6.249-6.251 6.249-16.381 0.001-22.629zM8.252 20.395c1.621 1.613 3.775 2.498 6.064 2.496 2.287-0.004 4.44-0.897 6.057-2.515 1.619-1.617 2.511-3.77 2.515-6.058s-0.881-4.443-2.494-6.064l-7.871-7.874c-2.873 0.635-5.603 2.070-7.837 4.307-2.233 2.234-3.67 4.963-4.305 7.837l7.871 7.872z"
                fill="#ffdc00"
              />
            </svg>
            <p
              class="interest-name"
            >
              Tennis
            </p>
          </li>
          <li
            class="interest"
          >
            <svg
              height="44"
              viewBox="0 0 32 32"
              width="44"
              xmlns="http://www.w3.org/2000/svg"
            >
              <path
                d="M14.857 1.143v11.429c0 0.727-0.211 1.387-0.634 1.982s-0.973 1.012-1.651 1.25v13.911c0 0.619-0.226 1.154-0.679 1.607s-0.989 0.679-1.608 0.679h-2.285c-0.619 0-1.155-0.226-1.607-0.679s-0.679-0.988-0.679-1.607v-13.911c-0.679-0.238-1.229-0.655-1.652-1.25s-0.634-1.256-0.634-1.982v-11.429c0-0.309 0.113-0.577 0.339-0.803s0.494-0.339 0.804-0.339c0.309 0 0.577 0.113 0.803 0.339s0.339 0.494 0.339 0.803v7.429c0 0.31 0.113 0.577 0.339 0.803s0.494 0.339 0.803 0.339 0.577-0.113 0.803-0.339c0.227-0.226 0.34-0.493 0.34-0.803v-7.429c0-0.309 0.113-0.577 0.339-0.803s0.494-0.339 0.803-0.339c0.309 0 0.577 0.113 0.803 0.339s0.339 0.494 0.339 0.803v7.429c0 0.31 0.113 0.577 0.339 0.803s0.494 0.339 0.803 0.339 0.577-0.113 0.803-0.339c0.226-0.226 0.339-0.494 0.339-0.803v-7.429c0-0.309 0.113-0.577 0.339-0.803s0.495-0.339 0.804-0.339c0.309 0 0.577 0.113 0.803 0.339s0.34 0.494 0.34 0.803zM28.571 1.143v28.572c0 0.619-0.226 1.154-0.679 1.607s-0.988 0.679-1.607 0.679h-2.285c-0.619 0-1.155-0.226-1.607-0.679s-0.679-0.988-0.679-1.607v-9.143h-4c-0.155 0-0.289-0.056-0.402-0.169s-0.169-0.247-0.169-0.402v-14.285c0-1.572 0.559-2.917 1.679-4.036s2.464-1.679 4.036-1.679h4.571c0.309 0 0.577 0.113 0.803 0.339s0.339 0.494 0.339 0.803z"
                fill="#ffdc00"
              />
            </svg>
            <p
              class="interest-name"
            >
              Cuisine
            </p>
          </li>
          <li
            class="interest"
          >
            <svg
              height="44"
              viewBox="0 0 32 32"
              width="44"
              xmlns="http://www.w3.org/2000/svg"
            >
              <path
                d="M30.769 1.846v21.539c0 0.641-0.218 1.211-0.654 1.712s-0.987 0.888-1.654 1.163c-0.667 0.276-1.33 0.481-1.991 0.615s-1.279 0.202-1.856 0.202c-0.577 0-1.195-0.067-1.856-0.202s-1.324-0.339-1.991-0.615c-0.667-0.275-1.218-0.663-1.654-1.163s-0.654-1.071-0.654-1.712c0-0.641 0.218-1.211 0.654-1.711s0.987-0.888 1.654-1.164c0.667-0.275 1.33-0.481 1.991-0.615s1.279-0.202 1.856-0.202c1.346 0 2.577 0.25 3.693 0.75v-10.327l-14.769 4.558v13.635c0 0.641-0.218 1.211-0.654 1.712s-0.987 0.887-1.654 1.163c-0.667 0.275-1.33 0.481-1.991 0.615s-1.279 0.201-1.855 0.201-1.195-0.067-1.856-0.202c-0.661-0.135-1.324-0.34-1.991-0.615s-1.218-0.663-1.654-1.163-0.654-1.071-0.654-1.712 0.218-1.211 0.654-1.711c0.436-0.5 0.987-0.888 1.654-1.163s1.33-0.481 1.991-0.616c0.66-0.135 1.279-0.202 1.856-0.202 1.346 0 2.577 0.25 3.693 0.751v-18.597c0-0.397 0.121-0.759 0.365-1.087 0.243-0.327 0.557-0.554 0.942-0.682l16-4.923c0.154-0.051 0.333-0.077 0.539-0.077 0.513 0 0.949 0.179 1.308 0.539 0.358 0.359 0.538 0.795 0.538 1.307z"
                fill="#ffdc00"
              />
            </svg>
            <p
              class="interest-name"
            >
              Guitare
            </p>
          </li>
          <li
            class="interest"
          >
            <svg
              height="44"
              viewBox="0 0 32 32"
              width="44"
              xmlns="http://www.w3.org/2000/svg"
            >
              <path
                d="M26.667 10.667c0 1.514-0.229 2.757-0.687 3.729l-7.583 16.125c-0.223 0.459-0.552 0.82-0.989 1.083s-0.907 0.396-1.407 0.396c-0.5 0-0.969-0.133-1.407-0.396s-0.761-0.625-0.969-1.083l-7.604-16.125c-0.458-0.971-0.687-2.215-0.687-3.729 0-2.945 1.042-5.459 3.125-7.541 2.083-2.084 4.597-3.125 7.541-3.125s5.458 1.041 7.541 3.125c2.084 2.083 3.125 4.597 3.125 7.541zM19.771 14.437c1.042-1.042 1.563-2.299 1.563-3.771s-0.521-2.729-1.563-3.771c-1.041-1.042-2.299-1.563-3.771-1.563s-2.729 0.521-3.771 1.562c-1.042 1.042-1.563 2.299-1.563 3.771s0.521 2.729 1.563 3.771c1.041 1.041 2.298 1.563 3.771 1.563s2.729-0.521 3.771-1.563z"
                fill="#ffdc00"
              />
            </svg>
            <p
              class="interest-name"
            >
              Voyage
            </p>
          </li>
        </ul>
      </div>
    </section>
  </main>
  <footer>
    © 
    2022
     Simon Robin | Design by
     
    <a
      href="https://www.elodiearete.fr"
      rel="noopener noreferrer"
      target="_blank"
      title="Site web d'Elodie Arete"
    >
      Elodie Arete
    </a>
  </footer>
</div>
`;
